// Jest Snapshot v1, https://goo.gl/fbAQLP

exports[`API integration fetches 10 blocks 1`] = `
Object {
  "data": undefined,
  "errors": Array [
    [ValidationError: Cannot query field "hash" on type "BlocksResponse".],
    [ValidationError: Cannot query field "height" on type "BlocksResponse".],
    [ValidationError: Cannot query field "time" on type "BlocksResponse". Did you mean "size"?],
  ],
  "extensions": undefined,
  "http": Object {
    "headers": Headers {
      Symbol(map): Object {},
    },
  },
}
`;
